=== summon run started 2026-09-24T07:26:47-04:00 ===
[1/45] independent-lab/critical-rationalism/testA: generating...
    ok: 693 words, summary 273 words
[2/45] independent-lab/critical-rationalism/testB: generating...
    ok: 1029 words, summary 311 words
[3/45] independent-lab/critical-rationalism/testC: generating...
    ok: 1904 words, summary 297 words
[4/45] independent-lab/critical-rationalism/testD: generating...
    ok: 1151 words, summary 319 words
[5/45] independent-lab/critical-rationalism/testE: generating...
    ok: 1134 words, summary 293 words
[6/45] independent-lab/social/testA: generating...
    ok: 727 words, summary 278 words
[7/45] independent-lab/social/testB: generating...
    ok: 1125 words, summary 276 words
[8/45] independent-lab/social/testC: generating...
    ok: 996 words, summary 295 words
[9/45] independent-lab/social/testD: generating...
    ok: 1626 words, summary 290 words
[10/45] independent-lab/social/testE: generating...
    ok: 810 words, summary 287 words
[11/45] independent-lab/economic/testA: generating...
    ok: 673 words, summary 307 words
[12/45] independent-lab/economic/testB: generating...
    ok: 878 words, summary 306 words
[13/45] independent-lab/economic/testC: generating...
    ok: 884 words, summary 283 words
[14/45] independent-lab/economic/testD: generating...
    ok: 1928 words, summary 282 words
[15/45] independent-lab/economic/testE: generating...
    ok: 987 words, summary 275 words
[16/45] legacy-rewrite/critical-rationalism/testA: generating...
    ok: 938 words, summary 306 words
[17/45] legacy-rewrite/critical-rationalism/testB: generating...
    ok: 895 words, summary 301 words
[18/45] legacy-rewrite/critical-rationalism/testC: generating...
    ok: 1411 words, summary 293 words
[19/45] legacy-rewrite/critical-rationalism/testD: generating...
    ok: 1549 words, summary 324 words
[20/45] legacy-rewrite/critical-rationalism/testE: generating...
    ok: 1162 words, summary 277 words
[21/45] legacy-rewrite/social/testA: generating...
    ok: 836 words, summary 319 words
[22/45] legacy-rewrite/social/testB: generating...
    ok: 1123 words, summary 307 words
[23/45] legacy-rewrite/social/testC: generating...
    ok: 799 words, summary 290 words
[24/45] legacy-rewrite/social/testD: generating...
    ok: 1349 words, summary 284 words
[25/45] legacy-rewrite/social/testE: generating...
    ok: 986 words, summary 288 words
[26/45] legacy-rewrite/economic/testA: generating...
    ok: 962 words, summary 306 words
[27/45] legacy-rewrite/economic/testB: generating...
    ok: 1140 words, summary 340 words
[28/45] legacy-rewrite/economic/testC: generating...
    ok: 1085 words, summary 309 words
[29/45] legacy-rewrite/economic/testD: generating...
    ok: 2506 words, summary 291 words
[30/45] legacy-rewrite/economic/testE: generating...
    ok: 1050 words, summary 321 words
[31/45] churn-cause/critical-rationalism/testA: generating...
    ok: 1077 words, summary 309 words
[32/45] churn-cause/critical-rationalism/testB: generating...
    ok: 1192 words, summary 311 words
[33/45] churn-cause/critical-rationalism/testC: generating...
    ok: 1323 words, summary 292 words
[34/45] churn-cause/critical-rationalism/testD: generating...
    ok: 1516 words, summary 295 words
[35/45] churn-cause/critical-rationalism/testE: generating...
    ok: 781 words, summary 302 words
[36/45] churn-cause/social/testA: generating...
    ok: 783 words, summary 304 words
[37/45] churn-cause/social/testB: generating...
    ok: 1033 words, summary 294 words
[38/45] churn-cause/social/testC: generating...
    ok: 1026 words, summary 307 words
[39/45] churn-cause/social/testD: generating...
    ok: 1121 words, summary 305 words
[40/45] churn-cause/social/testE: generating...
    ok: 1047 words, summary 288 words
[41/45] churn-cause/economic/testA: generating...
    ok: 943 words, summary 287 words
[42/45] churn-cause/economic/testB: generating...
    ok: 1364 words, summary 279 words
[43/45] churn-cause/economic/testC: generating...
    ok: 850 words, summary 297 words
[44/45] churn-cause/economic/testD: generating...
    ok: 1872 words, summary 289 words
[45/45] churn-cause/economic/testE: generating...
    ok: 980 words, summary 277 words

All tests complete.
=== summon run exited 0 at 2026-09-24T08:02:03-04:00 ===
=== summon score started 2026-09-24T08:02:06-04:00 ===
independent-lab/critical-rationalism: asking Jev...
    B 0.34  C 0.23  A 0.20  E 0.19  D 0.04
independent-lab/social: asking Jev...
    D 0.64  C 0.17  B 0.12  A 0.06  E 0.01
independent-lab/economic: asking Jev...
    D 0.47  B 0.23  A 0.20  C 0.09  E 0.01
legacy-rewrite/critical-rationalism: asking Jev...
    B 0.59  D 0.19  C 0.16  A 0.05  E 0.01
legacy-rewrite/social: asking Jev...
    A 0.44  B 0.28  D 0.16  E 0.10  C 0.02
legacy-rewrite/economic: asking Jev...
    B 0.64  D 0.14  A 0.10  C 0.06  E 0.06
churn-cause/critical-rationalism: asking Jev...
    B 0.42  A 0.38  D 0.13  C 0.06  E 0.01
churn-cause/social: asking Jev...
    B 0.58  A 0.24  E 0.10  D 0.06  C 0.02
churn-cause/economic: asking Jev...
    B 0.46  C 0.31  D 0.16  A 0.06  E 0.01
=== summon score exited 0 ===
Wrote results/scores.csv and results/report.md (9 of 9 groups).
