=== run 2 started 2026-09-24T08:55:03-04:00 ===
[1/15] independent-lab/testA: generating...
    ok: 657 words, summary 290 words
[2/15] independent-lab/testB: generating...
    ok: 1152 words, summary 305 words
[3/15] independent-lab/testC: generating...
    ok: 1364 words, summary 315 words
[4/15] independent-lab/testD: generating...
    ok: 1674 words, summary 299 words
[5/15] independent-lab/testE: generating...
    ok: 1014 words, summary 326 words
[6/15] legacy-rewrite/testA: generating...
    ok: 958 words, summary 307 words
[7/15] legacy-rewrite/testB: generating...
    ok: 854 words, summary 293 words
[8/15] legacy-rewrite/testC: generating...
    ok: 1587 words, summary 290 words
[9/15] legacy-rewrite/testD: generating...
    ok: 2294 words, summary 288 words
[10/15] legacy-rewrite/testE: generating...
    ok: 1107 words, summary 305 words
[11/15] churn-cause/testA: generating...
    ok: 942 words, summary 300 words
[12/15] churn-cause/testB: generating...
    ok: 895 words, summary 298 words
[13/15] churn-cause/testC: generating...
    ok: 1429 words, summary 275 words
[14/15] churn-cause/testD: generating...
    ok: 1727 words, summary 287 words
[15/15] churn-cause/testE: generating...
    ok: 833 words, summary 302 words

All tests complete.
independent-lab: asking Jev...
    B 0.48  C 0.25  D 0.15  E 0.08  A 0.04
legacy-rewrite: asking Jev...
    C 0.40  D 0.34  B 0.16  A 0.06  E 0.04
churn-cause: asking Jev...
    A 0.55  D 0.24  B 0.14  C 0.05  E 0.02
Wrote results/scores.csv and results/report.md (3 of 3 scenarios).
=== run 2 exited 0 at 2026-09-24T09:07:36-04:00 ===
