=== three-lens run started 2026-09-24T10:44:58-04:00 ===
0 of 45 tests already done; running 45 with 8 in parallel
critical-rationalism/independent-lab/testE: turn 1/5 done (718 words)
critical-rationalism/independent-lab/testA: turn 1/5 done (796 words)
critical-rationalism/independent-lab/testB: turn 1/5 done (884 words)
critical-rationalism/legacy-rewrite/testA: turn 1/5 done (868 words)
critical-rationalism/independent-lab/testE: turn 2/5 done (395 words)
critical-rationalism/legacy-rewrite/testB: turn 1/5 done (1161 words)
critical-rationalism/legacy-rewrite/testC: turn 1/5 done (1572 words)
critical-rationalism/independent-lab/testA: turn 2/5 done (753 words)
critical-rationalism/independent-lab/testC: turn 1/5 done (1290 words)
critical-rationalism/independent-lab/testE: turn 3/5 done (435 words)
critical-rationalism/independent-lab/testD: turn 1/5 done (1446 words)
critical-rationalism/legacy-rewrite/testA: turn 2/5 done (770 words)
critical-rationalism/independent-lab/testE: turn 4/5 done (476 words)
critical-rationalism/legacy-rewrite/testB: turn 2/5 done (1004 words)
critical-rationalism/independent-lab/testB: turn 2/5 done (1347 words)
critical-rationalism/independent-lab/testA: turn 3/5 done (778 words)
critical-rationalism/legacy-rewrite/testA: turn 3/5 done (763 words)
critical-rationalism/independent-lab/testE: turn 5/5 done (472 words)
critical-rationalism/legacy-rewrite/testC: turn 2/5 done (1083 words)
critical-rationalism/independent-lab/testE: ok [1/45] final answer 472 words, summary 320 words
critical-rationalism/independent-lab/testD: turn 2/5 done (1015 words)
critical-rationalism/legacy-rewrite/testA: turn 4/5 done (652 words)
critical-rationalism/independent-lab/testA: turn 4/5 done (812 words)
critical-rationalism/legacy-rewrite/testB: turn 3/5 done (962 words)
critical-rationalism/independent-lab/testC: turn 2/5 done (1405 words)
critical-rationalism/independent-lab/testB: turn 3/5 done (1218 words)
critical-rationalism/independent-lab/testA: turn 5/5 done (512 words)
critical-rationalism/legacy-rewrite/testA: turn 5/5 done (508 words)
critical-rationalism/independent-lab/testA: ok [2/45] final answer 512 words, summary 300 words
critical-rationalism/legacy-rewrite/testA: ok [3/45] final answer 508 words, summary 338 words
critical-rationalism/legacy-rewrite/testB: turn 4/5 done (1058 words)
critical-rationalism/independent-lab/testD: turn 3/5 done (1313 words)
critical-rationalism/legacy-rewrite/testC: turn 3/5 done (1438 words)
critical-rationalism/legacy-rewrite/testD: turn 1/5 done (1576 words)
critical-rationalism/churn-cause/testA: turn 1/5 done (854 words)
critical-rationalism/legacy-rewrite/testB: turn 5/5 done (686 words)
critical-rationalism/independent-lab/testB: turn 4/5 done (1394 words)
critical-rationalism/legacy-rewrite/testE: turn 1/5 done (1246 words)
critical-rationalism/legacy-rewrite/testB: ok [4/45] final answer 686 words, summary 312 words
critical-rationalism/independent-lab/testC: turn 3/5 done (1389 words)
critical-rationalism/legacy-rewrite/testD: turn 2/5 done (633 words)
critical-rationalism/churn-cause/testA: turn 2/5 done (767 words)
critical-rationalism/independent-lab/testD: turn 4/5 done (1229 words)
critical-rationalism/independent-lab/testB: turn 5/5 done (867 words)
critical-rationalism/legacy-rewrite/testE: turn 2/5 done (771 words)
critical-rationalism/independent-lab/testB: ok [5/45] final answer 867 words, summary 309 words
critical-rationalism/churn-cause/testA: turn 3/5 done (679 words)
critical-rationalism/independent-lab/testD: turn 5/5 done (858 words)
critical-rationalism/churn-cause/testB: turn 1/5 done (1149 words)
critical-rationalism/legacy-rewrite/testC: turn 4/5 done (1602 words)
critical-rationalism/legacy-rewrite/testE: turn 3/5 done (738 words)
critical-rationalism/legacy-rewrite/testD: turn 3/5 done (764 words)
critical-rationalism/independent-lab/testD: ok [6/45] final answer 858 words, summary 299 words
critical-rationalism/independent-lab/testC: turn 4/5 done (1529 words)
critical-rationalism/churn-cause/testA: turn 4/5 done (812 words)
critical-rationalism/legacy-rewrite/testE: turn 4/5 done (861 words)
critical-rationalism/churn-cause/testB: turn 2/5 done (911 words)
critical-rationalism/churn-cause/testC: turn 1/5 done (1281 words)
critical-rationalism/churn-cause/testA: turn 5/5 done (504 words)
critical-rationalism/legacy-rewrite/testC: turn 5/5 done (1050 words)
critical-rationalism/churn-cause/testA: ok [7/45] final answer 504 words, summary 266 words
critical-rationalism/legacy-rewrite/testD: turn 4/5 done (1040 words)
critical-rationalism/legacy-rewrite/testE: turn 5/5 done (761 words)
critical-rationalism/legacy-rewrite/testC: ok [8/45] final answer 1050 words, summary 314 words
critical-rationalism/independent-lab/testC: turn 5/5 done (855 words)
critical-rationalism/legacy-rewrite/testE: ok [9/45] final answer 761 words, summary 348 words
critical-rationalism/independent-lab/testC: ok [10/45] final answer 855 words, summary 331 words
critical-rationalism/churn-cause/testD: turn 1/5 done (1548 words)
critical-rationalism/churn-cause/testB: turn 3/5 done (1163 words)
critical-rationalism/legacy-rewrite/testD: turn 5/5 done (732 words)
economic/independent-lab/testA: turn 1/5 done (665 words)
critical-rationalism/churn-cause/testE: turn 1/5 done (878 words)
critical-rationalism/legacy-rewrite/testD: ok [11/45] final answer 732 words, summary 315 words
critical-rationalism/churn-cause/testC: turn 2/5 done (1258 words)
economic/independent-lab/testB: turn 1/5 done (876 words)
economic/independent-lab/testA: turn 2/5 done (554 words)
critical-rationalism/churn-cause/testE: turn 2/5 done (599 words)
economic/independent-lab/testC: turn 1/5 done (995 words)
critical-rationalism/churn-cause/testD: turn 2/5 done (638 words)
critical-rationalism/churn-cause/testE: turn 3/5 done (450 words)
critical-rationalism/churn-cause/testB: turn 4/5 done (1106 words)
economic/independent-lab/testA: turn 3/5 done (596 words)
economic/independent-lab/testB: turn 2/5 done (1134 words)
critical-rationalism/churn-cause/testE: turn 4/5 done (520 words)
critical-rationalism/churn-cause/testC: turn 3/5 done (1294 words)
economic/independent-lab/testC: turn 2/5 done (1037 words)
critical-rationalism/churn-cause/testD: turn 3/5 done (655 words)
critical-rationalism/churn-cause/testB: turn 5/5 done (724 words)
critical-rationalism/churn-cause/testE: turn 5/5 done (411 words)
economic/independent-lab/testA: turn 4/5 done (625 words)
critical-rationalism/churn-cause/testB: ok [12/45] final answer 724 words, summary 357 words
critical-rationalism/churn-cause/testE: ok [13/45] final answer 411 words, summary 367 words
economic/independent-lab/testA: turn 5/5 done (402 words)
economic/independent-lab/testA: ok [14/45] final answer 402 words, summary 304 words
economic/independent-lab/testB: turn 3/5 done (914 words)
economic/independent-lab/testD: turn 1/5 done (2116 words)
critical-rationalism/churn-cause/testD: turn 4/5 done (814 words)
economic/independent-lab/testC: turn 3/5 done (1258 words)
economic/legacy-rewrite/testA: turn 1/5 done (828 words)
economic/independent-lab/testE: turn 1/5 done (1209 words)
critical-rationalism/churn-cause/testD: turn 5/5 done (738 words)
critical-rationalism/churn-cause/testC: turn 4/5 done (1533 words)
critical-rationalism/churn-cause/testD: ok [15/45] final answer 738 words, summary 265 words
economic/independent-lab/testB: turn 4/5 done (1192 words)
economic/legacy-rewrite/testB: turn 1/5 done (1098 words)
economic/legacy-rewrite/testA: turn 2/5 done (605 words)
economic/independent-lab/testE: turn 2/5 done (862 words)
economic/independent-lab/testB: turn 5/5 done (759 words)
economic/independent-lab/testC: turn 4/5 done (1483 words)
economic/independent-lab/testB: ok [16/45] final answer 759 words, summary 296 words
critical-rationalism/churn-cause/testC: turn 5/5 done (1190 words)
economic/legacy-rewrite/testB: turn 2/5 done (970 words)
economic/legacy-rewrite/testC: turn 1/5 done (1062 words)
critical-rationalism/churn-cause/testC: ok [17/45] final answer 1190 words, summary 290 words
economic/legacy-rewrite/testA: turn 3/5 done (957 words)
economic/independent-lab/testE: turn 3/5 done (844 words)
economic/independent-lab/testD: turn 2/5 done (1407 words)
economic/independent-lab/testC: turn 5/5 done (605 words)
economic/independent-lab/testC: ok [18/45] final answer 605 words, summary 398 words
economic/legacy-rewrite/testB: turn 3/5 done (1002 words)
economic/independent-lab/testE: turn 4/5 done (931 words)
economic/legacy-rewrite/testA: turn 4/5 done (1136 words)
economic/legacy-rewrite/testE: turn 1/5 done (1271 words)
economic/legacy-rewrite/testC: turn 2/5 done (1419 words)
economic/churn-cause/testA: turn 1/5 done (838 words)
economic/legacy-rewrite/testA: turn 5/5 done (583 words)
economic/legacy-rewrite/testA: ok [19/45] final answer 583 words, summary 297 words
economic/independent-lab/testE: turn 5/5 done (904 words)
economic/legacy-rewrite/testE: turn 2/5 done (645 words)
economic/legacy-rewrite/testD: turn 1/5 done (2192 words)
economic/independent-lab/testE: ok [20/45] final answer 904 words, summary 304 words
economic/legacy-rewrite/testB: turn 4/5 done (1472 words)
economic/churn-cause/testA: turn 2/5 done (865 words)
economic/independent-lab/testD: turn 3/5 done (1351 words)
economic/legacy-rewrite/testE: turn 3/5 done (733 words)
economic/legacy-rewrite/testC: turn 3/5 done (1450 words)
economic/legacy-rewrite/testB: turn 5/5 done (640 words)
economic/churn-cause/testB: turn 1/5 done (849 words)
economic/legacy-rewrite/testB: ok [21/45] final answer 640 words, summary 312 words
economic/churn-cause/testA: turn 3/5 done (900 words)
economic/churn-cause/testC: turn 1/5 done (972 words)
economic/legacy-rewrite/testE: turn 4/5 done (773 words)
economic/legacy-rewrite/testD: turn 2/5 done (1295 words)
economic/churn-cause/testB: turn 2/5 done (662 words)
economic/churn-cause/testA: turn 4/5 done (931 words)
economic/legacy-rewrite/testE: turn 5/5 done (1097 words)
economic/legacy-rewrite/testC: turn 4/5 done (1427 words)
economic/legacy-rewrite/testE: ok [22/45] final answer 1097 words, summary 317 words
economic/churn-cause/testC: turn 2/5 done (1190 words)
economic/churn-cause/testA: turn 5/5 done (587 words)
economic/churn-cause/testA: ok [23/45] final answer 587 words, summary 333 words
economic/churn-cause/testB: turn 3/5 done (895 words)
economic/legacy-rewrite/testC: turn 5/5 done (847 words)
economic/legacy-rewrite/testD: turn 3/5 done (959 words)
economic/legacy-rewrite/testC: ok [24/45] final answer 847 words, summary 280 words
social/independent-lab/testA: turn 1/5 done (655 words)
economic/churn-cause/testD: turn 1/5 done (1963 words)
economic/churn-cause/testE: turn 1/5 done (1076 words)
economic/churn-cause/testB: turn 4/5 done (738 words)
economic/independent-lab/testD: turn 4/5 done (1810 words)
economic/churn-cause/testC: turn 3/5 done (1235 words)
social/independent-lab/testA: turn 2/5 done (624 words)
economic/churn-cause/testB: turn 5/5 done (577 words)
social/independent-lab/testB: turn 1/5 done (1123 words)
economic/legacy-rewrite/testD: turn 4/5 done (1133 words)
economic/churn-cause/testB: ok [25/45] final answer 577 words, summary 325 words
economic/churn-cause/testE: turn 2/5 done (915 words)
social/independent-lab/testA: turn 3/5 done (703 words)
economic/independent-lab/testD: turn 5/5 done (1227 words)
social/independent-lab/testC: turn 1/5 done (829 words)
economic/churn-cause/testE: turn 3/5 done (561 words)
economic/independent-lab/testD: ok [26/45] final answer 1227 words, summary 335 words
economic/churn-cause/testC: turn 4/5 done (1470 words)
economic/legacy-rewrite/testD: turn 5/5 done (1065 words)
social/independent-lab/testB: turn 2/5 done (1314 words)
social/independent-lab/testA: turn 4/5 done (792 words)
economic/churn-cause/testD: turn 2/5 done (1589 words)
economic/legacy-rewrite/testD: ok [27/45] final answer 1065 words, summary 326 words
economic/churn-cause/testE: turn 4/5 done (676 words)
social/independent-lab/testA: turn 5/5 done (564 words)
economic/churn-cause/testC: turn 5/5 done (801 words)
social/independent-lab/testA: ok [28/45] final answer 564 words, summary 314 words
social/independent-lab/testC: turn 2/5 done (1242 words)
economic/churn-cause/testE: turn 5/5 done (754 words)
economic/churn-cause/testC: ok [29/45] final answer 801 words, summary 310 words
social/independent-lab/testE: turn 1/5 done (922 words)
economic/churn-cause/testE: ok [30/45] final answer 754 words, summary 319 words
social/independent-lab/testD: turn 1/5 done (1031 words)
social/independent-lab/testB: turn 3/5 done (1252 words)
social/legacy-rewrite/testA: turn 1/5 done (804 words)
social/independent-lab/testE: turn 2/5 done (791 words)
social/legacy-rewrite/testB: turn 1/5 done (1236 words)
social/independent-lab/testD: turn 2/5 done (850 words)
social/independent-lab/testC: turn 3/5 done (1725 words)
economic/churn-cause/testD: turn 3/5 done (1394 words)
social/legacy-rewrite/testC: turn 1/5 done (1120 words)
social/independent-lab/testB: turn 4/5 done (1270 words)
social/independent-lab/testE: turn 3/5 done (598 words)
social/legacy-rewrite/testA: turn 2/5 done (1164 words)
social/independent-lab/testD: turn 3/5 done (804 words)
social/legacy-rewrite/testB: turn 2/5 done (845 words)
social/independent-lab/testE: turn 4/5 done (612 words)
social/independent-lab/testB: turn 5/5 done (891 words)
social/legacy-rewrite/testA: turn 3/5 done (930 words)
social/independent-lab/testB: ok [31/45] final answer 891 words, summary 326 words
social/independent-lab/testE: turn 5/5 done (742 words)
social/independent-lab/testD: turn 4/5 done (629 words)
social/independent-lab/testC: turn 4/5 done (1765 words)
social/legacy-rewrite/testC: turn 2/5 done (1312 words)
social/legacy-rewrite/testB: turn 3/5 done (826 words)
social/independent-lab/testE: ok [32/45] final answer 742 words, summary 295 words
social/independent-lab/testD: turn 5/5 done (666 words)
social/legacy-rewrite/testA: turn 4/5 done (1094 words)
social/independent-lab/testC: turn 5/5 done (751 words)
social/independent-lab/testD: ok [33/45] final answer 666 words, summary 306 words
social/legacy-rewrite/testB: turn 4/5 done (717 words)
social/independent-lab/testC: ok [34/45] final answer 751 words, summary 376 words
social/legacy-rewrite/testA: turn 5/5 done (666 words)
social/legacy-rewrite/testD: turn 1/5 done (1432 words)
economic/churn-cause/testD: turn 4/5 done (1936 words)
social/legacy-rewrite/testE: turn 1/5 done (834 words)
social/legacy-rewrite/testB: turn 5/5 done (560 words)
social/legacy-rewrite/testA: ok [35/45] final answer 666 words, summary 306 words
social/legacy-rewrite/testB: ok [36/45] final answer 560 words, summary 278 words
social/legacy-rewrite/testC: turn 3/5 done (1553 words)
social/churn-cause/testA: turn 1/5 done (816 words)
social/legacy-rewrite/testE: turn 2/5 done (471 words)
social/legacy-rewrite/testD: turn 2/5 done (729 words)
economic/churn-cause/testD: turn 5/5 done (1165 words)
social/churn-cause/testB: turn 1/5 done (1117 words)
social/churn-cause/testA: turn 2/5 done (563 words)
social/legacy-rewrite/testE: turn 3/5 done (625 words)
economic/churn-cause/testD: ok [37/45] final answer 1165 words, summary 298 words
social/legacy-rewrite/testD: turn 3/5 done (628 words)
social/churn-cause/testC: turn 1/5 done (887 words)
social/churn-cause/testD: turn 1/5 done (1030 words)
social/legacy-rewrite/testE: turn 4/5 done (557 words)
social/churn-cause/testB: turn 2/5 done (708 words)
social/legacy-rewrite/testC: turn 4/5 done (1753 words)
social/churn-cause/testA: turn 3/5 done (728 words)
social/legacy-rewrite/testD: turn 4/5 done (510 words)
social/churn-cause/testC: turn 2/5 done (965 words)
social/churn-cause/testE: turn 1/5 done (931 words)
social/churn-cause/testD: turn 2/5 done (692 words)
social/legacy-rewrite/testD: turn 5/5 done (602 words)
social/churn-cause/testA: turn 4/5 done (479 words)
social/legacy-rewrite/testC: turn 5/5 done (749 words)
social/legacy-rewrite/testE: turn 5/5 done (881 words)
social/legacy-rewrite/testD: ok [38/45] final answer 602 words, summary 326 words
social/churn-cause/testB: turn 3/5 done (801 words)
social/churn-cause/testE: turn 2/5 done (549 words)
social/legacy-rewrite/testC: ok [39/45] final answer 749 words, summary 337 words
social/legacy-rewrite/testE: ok [40/45] final answer 881 words, summary 312 words
social/churn-cause/testA: turn 5/5 done (630 words)
social/churn-cause/testD: turn 3/5 done (757 words)
social/churn-cause/testC: turn 3/5 done (1188 words)
social/churn-cause/testA: ok [41/45] final answer 630 words, summary 304 words
social/churn-cause/testE: turn 3/5 done (602 words)
social/churn-cause/testB: turn 4/5 done (1000 words)
social/churn-cause/testD: turn 4/5 done (648 words)
social/churn-cause/testE: turn 4/5 done (625 words)
social/churn-cause/testC: turn 4/5 done (1236 words)
social/churn-cause/testB: turn 5/5 done (975 words)
social/churn-cause/testD: turn 5/5 done (756 words)
social/churn-cause/testE: turn 5/5 done (766 words)
social/churn-cause/testB: ok [42/45] final answer 975 words, summary 332 words
social/churn-cause/testD: ok [43/45] final answer 756 words, summary 341 words
social/churn-cause/testC: turn 5/5 done (658 words)
social/churn-cause/testE: ok [44/45] final answer 766 words, summary 296 words
social/churn-cause/testC: ok [45/45] final answer 658 words, summary 284 words

All tests complete.
social/legacy-rewrite: testE 0.50  testA 0.29  testB 0.14  testD 0.04  testC 0.03
critical-rationalism/churn-cause: testB 0.55  testA 0.26  testE 0.08  testC 0.06  testD 0.04
economic/independent-lab: testB 0.31  testE 0.27  testC 0.25  testD 0.11  testA 0.06
economic/churn-cause: testB 0.48  testA 0.34  testD 0.10  testC 0.06  testE 0.02
social/independent-lab: testB 0.41  testE 0.24  testD 0.15  testA 0.10  testC 0.10
critical-rationalism/legacy-rewrite: testA 0.44  testE 0.27  testD 0.18  testC 0.09  testB 0.02
cross-lens/legacy-rewrite: economic 0.71  critical-rationalism 0.23  social 0.06
social/churn-cause: testA 0.37  testC 0.22  testD 0.22  testB 0.18  testE 0.01
cross-lens/independent-lab: social 0.63  critical-rationalism 0.24  economic 0.13
cross-lens/churn-cause: social 0.47  economic 0.32  critical-rationalism 0.21
economic/legacy-rewrite: testB 0.36  testE 0.32  testD 0.20  testA 0.08  testC 0.04
critical-rationalism/independent-lab: testE 0.46  testB 0.25  testA 0.18  testD 0.10  testC 0.01
Wrote results/scores.csv and results/report.md.
=== three-lens run exited 0 at 2026-09-24T11:00:52-04:00 ===
